AR toplevel behavioral C:/Users/Chuky-master/Xilinxs/Proyecto1prueba/TopLevel.vhd sub00/vhpl01 1559432170
AR clk_div behavioral C:/Users/Chuky-master/Downloads/led_adm_vhdl/led_adm_vhdl/clk_div.vhd sub00/vhpl03 1559432152
EN generadorerror NULL C:/Users/Chuky-master/Xilinxs/Proyecto1prueba/GeneradorError.vhd sub00/vhpl08 1559432157
AR generadorhamming behavioral C:/Users/Chuky-master/Xilinxs/Proyecto1prueba/GeneradorHamming.vhd sub00/vhpl07 1559432156
EN toplevel NULL C:/Users/Chuky-master/Xilinxs/Proyecto1prueba/TopLevel.vhd sub00/vhpl00 1559432169
EN counter_2b NULL C:/Users/Chuky-master/Downloads/led_adm_vhdl/led_adm_vhdl/counter_2b.vhd sub00/vhpl04 1559432153
EN detectorcorrectorhamming NULL C:/Users/Chuky-master/Xilinxs/Proyecto1prueba/DetectorCorrectorHamming.vhd sub00/vhpl10 1559432159
AR mux bhv C:/Users/Chuky-master/Xilinxs/Proyecto1prueba/mux.vhd sub00/vhpl15 1559432164
AR counter_2b behavioral C:/Users/Chuky-master/Downloads/led_adm_vhdl/led_adm_vhdl/counter_2b.vhd sub00/vhpl05 1559432154
AR detectorcorrectorhamming behavioral C:/Users/Chuky-master/Xilinxs/Proyecto1prueba/DetectorCorrectorHamming.vhd sub00/vhpl11 1559432160
AR generadorerror behavioral C:/Users/Chuky-master/Xilinxs/Proyecto1prueba/GeneradorError.vhd sub00/vhpl09 1559432158
EN bcd_a_7_seg NULL C:/Users/Chuky-master/Xilinxs/Proyecto1prueba/bcd_a_7_seg.vhd sub00/vhpl18 1559432165
EN mux NULL C:/Users/Chuky-master/Xilinxs/Proyecto1prueba/mux.vhd sub00/vhpl14 1559432163
EN decodificador NULL C:/Users/Chuky-master/Xilinxs/Proyecto1prueba/decodificador.vhd sub00/vhpl16 1559432167
AR decodificador behavioral C:/Users/Chuky-master/Xilinxs/Proyecto1prueba/decodificador.vhd sub00/vhpl17 1559432168
AR bcd_a_7_seg behavioral C:/Users/Chuky-master/Xilinxs/Proyecto1prueba/bcd_a_7_seg.vhd sub00/vhpl19 1559432166
AR led_adm behavioral C:/Users/Chuky-master/Downloads/led_adm_vhdl/led_adm_vhdl/led_adm.vhd sub00/vhpl13 1559432162
EN clk_div NULL C:/Users/Chuky-master/Downloads/led_adm_vhdl/led_adm_vhdl/clk_div.vhd sub00/vhpl02 1559432151
EN led_adm NULL C:/Users/Chuky-master/Downloads/led_adm_vhdl/led_adm_vhdl/led_adm.vhd sub00/vhpl12 1559432161
EN generadorhamming NULL C:/Users/Chuky-master/Xilinxs/Proyecto1prueba/GeneradorHamming.vhd sub00/vhpl06 1559432155
